[MESSAGE]: Initialize Application
[WARNING]: Failed to change background color
[WARNING]: Failed to change text color
[SUCCESSFUL]: Application initialized
[MESSAGE]: Run Application
[ERROR]: 
====================
File name:
C:\Users\Пользователь\source\repos\NeutroniumEngine\Engine\Script\Script.cpp

Function name:
Script::_SetGlobalObject

Line: 225
====================
OpenGL error code: 1282
====================
Message:
Invalid object type
====================
Stacktrace:
0> C:\Users\Пользователь\source\repos\NeutroniumEngine\Engine\Script\Script.cpp(225): NeutroniumEngine!Script::_SetGlobalObject+0x8E7
1> C:\Users\Пользователь\source\repos\NeutroniumEngine\Engine\Script\Script.cpp(67): NeutroniumEngine!Script::Load+0xB90
2> C:\Users\Пользователь\source\repos\NeutroniumEngine\Engine\Objects\Object.cpp(208): NeutroniumEngine!Object::AttachScript+0x1D4
3> C:\Users\Пользователь\source\repos\NeutroniumEngine\Engine\Objects\Object.cpp(87): NeutroniumEngine!Object::_Clone+0x399
4> C:\Users\Пользователь\source\repos\NeutroniumEngine\Engine\Objects\Object.cpp(17): NeutroniumEngine!Object::Object+0x511
5> C:\Users\Пользователь\source\repos\NeutroniumEngine\Engine\Objects\Primitives\Primitive.cpp(16): NeutroniumEngine!Primitive::Primitive+0x3E
6> C:\Users\Пользователь\source\repos\NeutroniumEngine\Engine\Objects\Primitives\Primitive.cpp(48): NeutroniumEngine!Primitive::GetCopy+0x69
7> C:\Users\Пользователь\source\repos\NeutroniumEngine\Engine\Scene.cpp(24): NeutroniumEngine!Scene::Scene+0x444
8> C:\Users\Пользователь\source\repos\NeutroniumEngine\Game\Game.cpp(61): NeutroniumEngine!Game::Start+0xD2B
9> C:\Users\Пользователь\source\repos\NeutroniumEngine\Engine\Engine.cpp(156): NeutroniumEngine!Engine::StartTestGame+0x81
10> C:\Users\Пользователь\source\repos\NeutroniumEngine\Application\Application.h(135): NeutroniumEngine!`Application::Initialize'::`2'::<lambda_11>::operator()+0x65
11> E:\_IDE\Microsoft Visual Studio\2022\Enterprise\VC\Tools\MSVC\14.43.34808\include\type_traits(1696): NeutroniumEngine!std::invoke<`Application::Initialize'::`2'::<lambda_11> &>+0x15
12> E:\_IDE\Microsoft Visual Studio\2022\Enterprise\VC\Tools\MSVC\14.43.34808\include\functional(879): NeutroniumEngine!std::_Func_impl_no_alloc<`Application::Initialize'::`2'::<lambda_11>,void>::_Do_call+0x1E
13> E:\_IDE\Microsoft Visual Studio\2022\Enterprise\VC\Tools\MSVC\14.43.34808\include\functional(925): NeutroniumEngine!std::_Func_class<void>::operator()+0x7C
14> C:\Users\Пользователь\source\repos\NeutroniumEngine\Application\InputContext.cpp(9): NeutroniumEngine!InputContext::AddActiveKey+0xFB
15> C:\Users\Пользователь\source\repos\NeutroniumEngine\Application\Application.h(37): NeutroniumEngine!``Application::Application'::`2'::<lambda_2>::operator()'::`2'::<lambda_1>::operator()+0x2D
16> E:\_IDE\Microsoft Visual Studio\2022\Enterprise\VC\Tools\MSVC\14.43.34808\include\type_traits(1706): NeutroniumEngine!std::invoke<``Application::Application'::`2'::<lambda_2>::operator()'::`2'::<lambda_1> &,std::shared_ptr<InputContext> const &>+0x1A
17> E:\_IDE\Microsoft Visual Studio\2022\Enterprise\VC\Tools\MSVC\14.43.34808\include\functional(879): NeutroniumEngine!std::_Func_impl_no_alloc<``Application::Application'::`2'::<lambda_2>::operator()'::`2'::<lambda_1>,void,std::shared_ptr<InputContext> const &>::_Do_call+0x22
18> E:\_IDE\Microsoft Visual Studio\2022\Enterprise\VC\Tools\MSVC\14.43.34808\include\functional(925): NeutroniumEngine!std::_Func_class<void,std::shared_ptr<InputContext> const &>::operator()+0xBF
19> C:\Users\Пользователь\source\repos\NeutroniumEngine\Application\Application.h(295): NeutroniumEngine!Application::ForEachInputContexts+0x72C
20> C:\Users\Пользователь\source\repos\NeutroniumEngine\Application\Application.h(36): NeutroniumEngine!`Application::Application'::`2'::<lambda_2>::operator()+0x183
21> E:\_IDE\Microsoft Visual Studio\2022\Enterprise\VC\Tools\MSVC\14.43.34808\include\type_traits(1706): NeutroniumEngine!std::invoke<`Application::Application'::`2'::<lambda_2> &,Nt::HandleWindow::KeyDownEvent const &>+0x1A
22> E:\_IDE\Microsoft Visual Studio\2022\Enterprise\VC\Tools\MSVC\14.43.34808\include\functional(879): NeutroniumEngine!std::_Func_impl_no_alloc<`Application::Application'::`2'::<lambda_2>,void,Nt::HandleWindow::KeyDownEvent const &>::_Do_call+0x22
23> E:\_IDE\Microsoft Visual Studio\2022\Enterprise\VC\Tools\MSVC\14.43.34808\include\functional(925): NeutroniumGraphics32d!std::_Func_class<void,Nt::HandleWindow::KeyDownEvent const &>::operator()+0x68
24> C:\Users\Пользователь\source\repos\Neutronium\Include\Nt\Core\EventBus.h(54): NeutroniumGraphics32d!Nt::EventBus::Emmit<Nt::HandleWindow::KeyDownEvent>+0x86
25> C:\Users\Пользователь\source\repos\Neutronium\Src\Nt\Graphics\System\HandleWindow.cpp(619): NeutroniumGraphics32d!Nt::HandleWindow::EventBusProc+0x3D2
26> C:\Users\Пользователь\source\repos\Neutronium\Src\Nt\Graphics\System\Window.cpp(367): NeutroniumGraphics32d!Nt::Window::_BaseWndProc+0xBE
27> USER32!AddClipboardFormatListener+0x4B
28> USER32!CallWindowProcW+0xB2C
29> USER32!CallWindowProcW+0x7F
30> OPENGL32!glDebugEntry+0xE1E
31> USER32!AddClipboardFormatListener+0x4B
32> USER32!CallWindowProcW+0xB2C
33> USER32!DispatchMessageW+0x24E
34> USER32!DispatchMessageW+0x10
35> C:\Users\Пользователь\source\repos\Neutronium\Src\Nt\Graphics\System\Window.cpp(155): NeutroniumGraphics32d!Nt::Window::PeekMessages+0x79
36> C:\Users\Пользователь\source\repos\NeutroniumEngine\Application\Application.h(150): NeutroniumEngine!Application::Run+0x1E7
37> C:\Users\Пользователь\source\repos\NeutroniumEngine\Application\_Main.cpp(73): NeutroniumEngine!main+0x9E1
38> D:\a\_work\1\s\src\vctools\crt\vcstartup\src\startup\exe_common.inl(78): NeutroniumEngine!invoke_main+0x33
39> D:\a\_work\1\s\src\vctools\crt\vcstartup\src\startup\exe_common.inl(288): NeutroniumEngine!__scrt_common_main_seh+0x15A
40> D:\a\_work\1\s\src\vctools\crt\vcstartup\src\startup\exe_common.inl(331): NeutroniumEngine!__scrt_common_main+0xD
41> D:\a\_work\1\s\src\vctools\crt\vcstartup\src\startup\exe_main.cpp(17): NeutroniumEngine!mainCRTStartup+0x8
42> KERNEL32!BaseThreadInitThunk+0x19
43> ntdll!RtlGetAppContainerNamedObjectPath+0xE4
44> ntdll!RtlGetAppContainerNamedObjectPath+0xB4
====================
[ERROR]: 
====================
File name:
C:\Users\Пользователь\source\repos\NeutroniumEngine\Engine\Script\Script.cpp

Function name:
Script::_SetGlobalObject

Line: 225
====================
Message:
Invalid object type
====================
Stacktrace:
0> C:\Users\Пользователь\source\repos\NeutroniumEngine\Engine\Script\Script.cpp(225): NeutroniumEngine!Script::_SetGlobalObject+0x8E7
1> C:\Users\Пользователь\source\repos\NeutroniumEngine\Engine\Script\Script.cpp(67): NeutroniumEngine!Script::Load+0xB90
2> C:\Users\Пользователь\source\repos\NeutroniumEngine\Engine\Objects\Object.cpp(208): NeutroniumEngine!Object::AttachScript+0x1D4
3> C:\Users\Пользователь\source\repos\NeutroniumEngine\Engine\Objects\Object.cpp(87): NeutroniumEngine!Object::_Clone+0x399
4> C:\Users\Пользователь\source\repos\NeutroniumEngine\Engine\Objects\Object.cpp(17): NeutroniumEngine!Object::Object+0x511
5> C:\Users\Пользователь\source\repos\NeutroniumEngine\Engine\Objects\Primitives\Primitive.cpp(16): NeutroniumEngine!Primitive::Primitive+0x3E
6> C:\Users\Пользователь\source\repos\NeutroniumEngine\Engine\Objects\Primitives\Primitive.cpp(48): NeutroniumEngine!Primitive::GetCopy+0x69
7> C:\Users\Пользователь\source\repos\NeutroniumEngine\Engine\Scene.cpp(24): NeutroniumEngine!Scene::Scene+0x444
8> C:\Users\Пользователь\source\repos\NeutroniumEngine\Game\Game.cpp(61): NeutroniumEngine!Game::Start+0xD2B
9> C:\Users\Пользователь\source\repos\NeutroniumEngine\Engine\Engine.cpp(156): NeutroniumEngine!Engine::StartTestGame+0x81
10> C:\Users\Пользователь\source\repos\NeutroniumEngine\Application\Application.h(135): NeutroniumEngine!`Application::Initialize'::`2'::<lambda_11>::operator()+0x65
11> E:\_IDE\Microsoft Visual Studio\2022\Enterprise\VC\Tools\MSVC\14.43.34808\include\type_traits(1696): NeutroniumEngine!std::invoke<`Application::Initialize'::`2'::<lambda_11> &>+0x15
12> E:\_IDE\Microsoft Visual Studio\2022\Enterprise\VC\Tools\MSVC\14.43.34808\include\functional(879): NeutroniumEngine!std::_Func_impl_no_alloc<`Application::Initialize'::`2'::<lambda_11>,void>::_Do_call+0x1E
13> E:\_IDE\Microsoft Visual Studio\2022\Enterprise\VC\Tools\MSVC\14.43.34808\include\functional(925): NeutroniumEngine!std::_Func_class<void>::operator()+0x7C
14> C:\Users\Пользователь\source\repos\NeutroniumEngine\Application\InputContext.cpp(9): NeutroniumEngine!InputContext::AddActiveKey+0xFB
15> C:\Users\Пользователь\source\repos\NeutroniumEngine\Application\Application.h(37): NeutroniumEngine!``Application::Application'::`2'::<lambda_2>::operator()'::`2'::<lambda_1>::operator()+0x2D
16> E:\_IDE\Microsoft Visual Studio\2022\Enterprise\VC\Tools\MSVC\14.43.34808\include\type_traits(1706): NeutroniumEngine!std::invoke<``Application::Application'::`2'::<lambda_2>::operator()'::`2'::<lambda_1> &,std::shared_ptr<InputContext> const &>+0x1A
17> E:\_IDE\Microsoft Visual Studio\2022\Enterprise\VC\Tools\MSVC\14.43.34808\include\functional(879): NeutroniumEngine!std::_Func_impl_no_alloc<``Application::Application'::`2'::<lambda_2>::operator()'::`2'::<lambda_1>,void,std::shared_ptr<InputContext> const &>::_Do_call+0x22
18> E:\_IDE\Microsoft Visual Studio\2022\Enterprise\VC\Tools\MSVC\14.43.34808\include\functional(925): NeutroniumEngine!std::_Func_class<void,std::shared_ptr<InputContext> const &>::operator()+0xBF
19> C:\Users\Пользователь\source\repos\NeutroniumEngine\Application\Application.h(295): NeutroniumEngine!Application::ForEachInputContexts+0x72C
20> C:\Users\Пользователь\source\repos\NeutroniumEngine\Application\Application.h(36): NeutroniumEngine!`Application::Application'::`2'::<lambda_2>::operator()+0x183
21> E:\_IDE\Microsoft Visual Studio\2022\Enterprise\VC\Tools\MSVC\14.43.34808\include\type_traits(1706): NeutroniumEngine!std::invoke<`Application::Application'::`2'::<lambda_2> &,Nt::HandleWindow::KeyDownEvent const &>+0x1A
22> E:\_IDE\Microsoft Visual Studio\2022\Enterprise\VC\Tools\MSVC\14.43.34808\include\functional(879): NeutroniumEngine!std::_Func_impl_no_alloc<`Application::Application'::`2'::<lambda_2>,void,Nt::HandleWindow::KeyDownEvent const &>::_Do_call+0x22
23> E:\_IDE\Microsoft Visual Studio\2022\Enterprise\VC\Tools\MSVC\14.43.34808\include\functional(925): NeutroniumGraphics32d!std::_Func_class<void,Nt::HandleWindow::KeyDownEvent const &>::operator()+0x68
24> C:\Users\Пользователь\source\repos\Neutronium\Include\Nt\Core\EventBus.h(54): NeutroniumGraphics32d!Nt::EventBus::Emmit<Nt::HandleWindow::KeyDownEvent>+0x86
25> C:\Users\Пользователь\source\repos\Neutronium\Src\Nt\Graphics\System\HandleWindow.cpp(619): NeutroniumGraphics32d!Nt::HandleWindow::EventBusProc+0x3D2
26> C:\Users\Пользователь\source\repos\Neutronium\Src\Nt\Graphics\System\Window.cpp(367): NeutroniumGraphics32d!Nt::Window::_BaseWndProc+0xBE
27> USER32!AddClipboardFormatListener+0x4B
28> USER32!CallWindowProcW+0xB2C
29> USER32!CallWindowProcW+0x7F
30> OPENGL32!glDebugEntry+0xE1E
31> USER32!AddClipboardFormatListener+0x4B
32> USER32!CallWindowProcW+0xB2C
33> USER32!DispatchMessageW+0x24E
34> USER32!DispatchMessageW+0x10
35> C:\Users\Пользователь\source\repos\Neutronium\Src\Nt\Graphics\System\Window.cpp(155): NeutroniumGraphics32d!Nt::Window::PeekMessages+0x79
36> C:\Users\Пользователь\source\repos\NeutroniumEngine\Application\Application.h(150): NeutroniumEngine!Application::Run+0x1E7
37> C:\Users\Пользователь\source\repos\NeutroniumEngine\Application\_Main.cpp(73): NeutroniumEngine!main+0x9E1
38> D:\a\_work\1\s\src\vctools\crt\vcstartup\src\startup\exe_common.inl(78): NeutroniumEngine!invoke_main+0x33
39> D:\a\_work\1\s\src\vctools\crt\vcstartup\src\startup\exe_common.inl(288): NeutroniumEngine!__scrt_common_main_seh+0x15A
40> D:\a\_work\1\s\src\vctools\crt\vcstartup\src\startup\exe_common.inl(331): NeutroniumEngine!__scrt_common_main+0xD
41> D:\a\_work\1\s\src\vctools\crt\vcstartup\src\startup\exe_main.cpp(17): NeutroniumEngine!mainCRTStartup+0x8
42> KERNEL32!BaseThreadInitThunk+0x19
43> ntdll!RtlGetAppContainerNamedObjectPath+0xE4
44> ntdll!RtlGetAppContainerNamedObjectPath+0xB4
=======