D:\__VS 2022\MSBuild\Microsoft\VC\v170\Microsoft.CppBuild.targets(531,5): warning MSB8028: The intermediate directory (Debug\) contains files shared from another project (NeutroniumEngine.vcxproj).  This can lead to incorrect clean and rebuild behavior.
  _Main.cpp
C:\Users\Пользователь\source\repos\NeutroniumEngine\Libraries\Include\CGAL\cpp_float.h(30,29): warning C4244: 'argument': conversion from 'uint64_t' to 'unsigned long', possible loss of data
C:\Users\Пользователь\source\repos\NeutroniumEngine\Libraries\Include\CGAL\cpp_float.h(42,29): warning C4244: 'argument': conversion from 'uint64_t' to 'unsigned long', possible loss of data
C:\Users\Пользователь\source\repos\NeutroniumEngine\Libraries\Include\CGAL\STL_Extension\internal\mesh_option_classes.h(55,46): warning C4245: 'initializing': conversion from 'const int' to 'size_t', signed/unsigned mismatch
C:\Users\Пользователь\source\repos\NeutroniumEngine\Libraries\Include\CGAL\IO\OFF\File_header_OFF_impl.h(351,30): warning C4456: declaration of 'c' hides previous local declaration
C:\Users\Пользователь\source\repos\Neutronium\Include\Nt\Core\JSON\JSON.h(89,181): warning C4100: 'CurrentValue': unreferenced formal parameter
C:\Users\Пользователь\source\repos\Neutronium\Include\Nt\Core\JSON\JSON.h(89,39): warning C4100: 'Iterator': unreferenced formal parameter
C:\Users\Пользователь\source\repos\Neutronium\Include\Nt\Core\JSON\JSON.h(117,181): warning C4100: 'CurrentValue': unreferenced formal parameter
C:\Users\Пользователь\source\repos\Neutronium\Include\Nt\Core\JSON\JSON.h(117,39): warning C4100: 'Iterator': unreferenced formal parameter
C:\Users\Пользователь\source\repos\Neutronium\Include\Nt\Core\JSON\JSON.h(141,95): warning C4100: 'Contaiters': unreferenced formal parameter
C:\Users\Пользователь\source\repos\Neutronium\Include\Nt\Graphics\WindowElements\Tooltip.h(330,83): warning C4100: 'text': unreferenced formal parameter
C:\Users\Пользователь\source\repos\Neutronium\Include\Nt\Graphics\WindowElements\ImageList.h(83,30): warning C4100: 'list': unreferenced formal parameter
C:\Users\Пользователь\source\repos\Neutronium\Include\Nt\Physics\Collision.h(114,16): warning C4189: 'ABLength': local variable is initialized but not referenced
C:\Users\Пользователь\source\repos\Neutronium\Include\Nt\Physics\Collision.h(115,16): warning C4189: 'BCLength': local variable is initialized but not referenced
C:\Users\Пользователь\source\repos\Neutronium\Include\Nt\Physics\Collision.h(116,16): warning C4189: 'CALength': local variable is initialized but not referenced
C:\Users\Пользователь\source\repos\Neutronium\Include\Nt\Physics\RigidBody.h(114,23): warning C4189: 'pTriangleCollider': local variable is initialized but not referenced
C:\Users\Пользователь\source\repos\Neutronium\Include\Nt\Physics\RigidBody.h(120,19): warning C4189: 'pMeshCollider': local variable is initialized but not referenced
C:\Users\Пользователь\source\repos\Neutronium\Include\Nt\Physics\RigidBody.h(131,4): warning C5205: delete of an abstract class 'Nt::ICollider' that has a non-virtual destructor results in undefined behavior
C:\Users\Пользователь\source\repos\Neutronium\Include\Nt\Physics\RigidBody.h(136,5): warning C5205: delete of an abstract class 'Nt::ICollider' that has a non-virtual destructor results in undefined behavior
C:\Users\Пользователь\source\repos\Neutronium\Include\Nt\Physics\PhysicalWorld.h(14,28): warning C4100: 'Time': unreferenced formal parameter
C:\Users\Пользователь\source\repos\Neutronium\Include\Nt\Physics\PhysicalWorld.h(18,45): warning C4100: 'pPhysicalWorld': unreferenced formal parameter
C:\Users\Пользователь\source\repos\NeutroniumEngine\Engine\Wave.h(29,20): warning C4100: 'wave': unreferenced formal parameter
C:\Users\Пользователь\source\repos\NeutroniumEngine\Libraries\Include\LuaBridge\detail\LuaHelpers.h(611,1): warning C4702: unreachable code
  Application.vcxproj -> C:\Users\Пользователь\source\repos\NeutroniumEngine\Bin\Debug\NeutroniumEngine.exe
