  Main.cpp
C:\Users\Пользователь\source\repos\NeutroniumEngine\Libraries\Include\CGAL\cpp_float.h(30,29): warning C4244: 'argument': conversion from 'uint64_t' to 'unsigned long', possible loss of data
C:\Users\Пользователь\source\repos\NeutroniumEngine\Libraries\Include\CGAL\cpp_float.h(42,29): warning C4244: 'argument': conversion from 'uint64_t' to 'unsigned long', possible loss of data
  Lua.lib(lapi.obj) : MSIL .netmodule or module compiled with /GL found; restarting link with /LTCG; add /LTCG to the link command line to improve linker performance
LINK : warning LNK4075: ignoring '/INCREMENTAL' due to '/LTCG' specification
LINK : warning LNK4098: defaultlib 'LIBCMT' conflicts with use of other libs; use /NODEFAULTLIB:library
MSVCRTD.lib(initializers.obj) : warning LNK4098: defaultlib 'msvcrt.lib' conflicts with use of other libs; use /NODEFAULTLIB:library
  Generating code
  Finished generating code
Lua.lib(lapi.obj) : warning LNK4099: PDB '' was not found with 'Lua.lib(lapi.obj)' or at ''; linking object as if no debug info
Lua.lib(lauxlib.obj) : warning LNK4099: PDB '' was not found with 'Lua.lib(lauxlib.obj)' or at ''; linking object as if no debug info
Lua.lib(ldebug.obj) : warning LNK4099: PDB '' was not found with 'Lua.lib(ldebug.obj)' or at ''; linking object as if no debug info
Lua.lib(linit.obj) : warning LNK4099: PDB '' was not found with 'Lua.lib(linit.obj)' or at ''; linking object as if no debug info
Lua.lib(lstate.obj) : warning LNK4099: PDB '' was not found with 'Lua.lib(lstate.obj)' or at ''; linking object as if no debug info
Lua.lib(lvm.obj) : warning LNK4099: PDB '' was not found with 'Lua.lib(lvm.obj)' or at ''; linking object as if no debug info
Lua.lib(ltable.obj) : warning LNK4099: PDB '' was not found with 'Lua.lib(ltable.obj)' or at ''; linking object as if no debug info
Lua.lib(lobject.obj) : warning LNK4099: PDB '' was not found with 'Lua.lib(lobject.obj)' or at ''; linking object as if no debug info
Lua.lib(ldo.obj) : warning LNK4099: PDB '' was not found with 'Lua.lib(ldo.obj)' or at ''; linking object as if no debug info
Lua.lib(lgc.obj) : warning LNK4099: PDB '' was not found with 'Lua.lib(lgc.obj)' or at ''; linking object as if no debug info
Lua.lib(lfunc.obj) : warning LNK4099: PDB '' was not found with 'Lua.lib(lfunc.obj)' or at ''; linking object as if no debug info
Lua.lib(lzio.obj) : warning LNK4099: PDB '' was not found with 'Lua.lib(lzio.obj)' or at ''; linking object as if no debug info
Lua.lib(lstring.obj) : warning LNK4099: PDB '' was not found with 'Lua.lib(lstring.obj)' or at ''; linking object as if no debug info
Lua.lib(ldump.obj) : warning LNK4099: PDB '' was not found with 'Lua.lib(ldump.obj)' or at ''; linking object as if no debug info
Lua.lib(ltm.obj) : warning LNK4099: PDB '' was not found with 'Lua.lib(ltm.obj)' or at ''; linking object as if no debug info
Lua.lib(lopcodes.obj) : warning LNK4099: PDB '' was not found with 'Lua.lib(lopcodes.obj)' or at ''; linking object as if no debug info
Lua.lib(ltablib.obj) : warning LNK4099: PDB '' was not found with 'Lua.lib(ltablib.obj)' or at ''; linking object as if no debug info
Lua.lib(lbaselib.obj) : warning LNK4099: PDB '' was not found with 'Lua.lib(lbaselib.obj)' or at ''; linking object as if no debug info
Lua.lib(lutf8lib.obj) : warning LNK4099: PDB '' was not found with 'Lua.lib(lutf8lib.obj)' or at ''; linking object as if no debug info
Lua.lib(loadlib.obj) : warning LNK4099: PDB '' was not found with 'Lua.lib(loadlib.obj)' or at ''; linking object as if no debug info
Lua.lib(loslib.obj) : warning LNK4099: PDB '' was not found with 'Lua.lib(loslib.obj)' or at ''; linking object as if no debug info
Lua.lib(lstrlib.obj) : warning LNK4099: PDB '' was not found with 'Lua.lib(lstrlib.obj)' or at ''; linking object as if no debug info
Lua.lib(lmathlib.obj) : warning LNK4099: PDB '' was not found with 'Lua.lib(lmathlib.obj)' or at ''; linking object as if no debug info
Lua.lib(liolib.obj) : warning LNK4099: PDB '' was not found with 'Lua.lib(liolib.obj)' or at ''; linking object as if no debug info
Lua.lib(ldblib.obj) : warning LNK4099: PDB '' was not found with 'Lua.lib(ldblib.obj)' or at ''; linking object as if no debug info
Lua.lib(lcorolib.obj) : warning LNK4099: PDB '' was not found with 'Lua.lib(lcorolib.obj)' or at ''; linking object as if no debug info
Lua.lib(lmem.obj) : warning LNK4099: PDB '' was not found with 'Lua.lib(lmem.obj)' or at ''; linking object as if no debug info
Lua.lib(llex.obj) : warning LNK4099: PDB '' was not found with 'Lua.lib(llex.obj)' or at ''; linking object as if no debug info
Lua.lib(lctype.obj) : warning LNK4099: PDB '' was not found with 'Lua.lib(lctype.obj)' or at ''; linking object as if no debug info
Lua.lib(lundump.obj) : warning LNK4099: PDB '' was not found with 'Lua.lib(lundump.obj)' or at ''; linking object as if no debug info
Lua.lib(lparser.obj) : warning LNK4099: PDB '' was not found with 'Lua.lib(lparser.obj)' or at ''; linking object as if no debug info
Lua.lib(lcode.obj) : warning LNK4099: PDB '' was not found with 'Lua.lib(lcode.obj)' or at ''; linking object as if no debug info
glew32s.lib(glew.obj) : warning LNK4099: PDB '' was not found with 'glew32s.lib(glew.obj)' or at ''; linking object as if no debug info
  Launcher.vcxproj -> C:\Users\Пользователь\source\repos\NeutroniumEngine\Bin\Debug\Launcher.exe
